Step: 100000 Movetype: MetStapleExchangeMCMovetype Staples: 1 Accepted: 0 Temp: 335 Energy: -33.887 
Step: 200000 Movetype: MetStapleExchangeMCMovetype Staples: 2 Accepted: 0 Temp: 335 Energy: -45.9395 
Step: 300000 Movetype: MetStapleExchangeMCMovetype Staples: 2 Accepted: 0 Temp: 335 Energy: -48.0132 
Step: 400000 Movetype: MetStapleExchangeMCMovetype Staples: 2 Accepted: 0 Temp: 335 Energy: -48.0132 
Step: 500000 Movetype: MetStapleExchangeMCMovetype Staples: 2 Accepted: 0 Temp: 335 Energy: -60.0657 
Step: 600000 Movetype: MetStapleExchangeMCMovetype Staples: 2 Accepted: 0 Temp: 335 Energy: -60.0657 
Step: 700000 Movetype: MetStapleExchangeMCMovetype Staples: 2 Accepted: 0 Temp: 335 Energy: -60.0657 
Step: 800000 Movetype: MetStapleExchangeMCMovetype Staples: 2 Accepted: 0 Temp: 335 Energy: -60.0657 
Step: 900000 Movetype: MetStapleExchangeMCMovetype Staples: 2 Accepted: 0 Temp: 335 Energy: -60.0657 
Step: 1000000 Movetype: MetStapleExchangeMCMovetype Staples: 2 Accepted: 0 Temp: 335 Energy: -60.0657 
