Step: 100000 Movetype: MetStapleExchangeMCMovetype Staples: 3 Accepted: 0 Temp: 330 Energy: -58.9606 Bias: 0 
Step: 200000 Movetype: MetStapleExchangeMCMovetype Staples: 3 Accepted: 0 Temp: 330 Energy: -54.0351 Bias: 0 
Step: 300000 Movetype: MetStapleExchangeMCMovetype Staples: 3 Accepted: 0 Temp: 335 Energy: -48.0132 Bias: 0 
Step: 400000 Movetype: OrientationRotationMCMovetype Staples: 3 Accepted: 1 Temp: 335 Energy: -45.9395 Bias: 0 
Step: 500000 Movetype: MetStapleExchangeMCMovetype Staples: 3 Accepted: 0 Temp: 330 Energy: -58.9606 Bias: 0 
Step: 600000 Movetype: MetStapleExchangeMCMovetype Staples: 3 Accepted: 0 Temp: 330 Energy: -56.077 Bias: 0 
Step: 700000 Movetype: MetStapleExchangeMCMovetype Staples: 2 Accepted: 0 Temp: 335 Energy: -33.3988 Bias: 0 
Step: 800000 Movetype: MetStapleExchangeMCMovetype Staples: 3 Accepted: 0 Temp: 335 Energy: -48.0132 Bias: 0 
Step: 900000 Movetype: MetStapleExchangeMCMovetype Staples: 3 Accepted: 0 Temp: 330 Energy: -56.077 Bias: 0 
Step: 1000000 Movetype: MetStapleExchangeMCMovetype Staples: 3 Accepted: 0 Temp: 330 Energy: -56.077 Bias: 0 
