Step: 100000 Movetype: MetStapleExchangeMCMovetype Staples: 1 Accepted: 0 Temp: 340 Energy: -28.6184 Bias: 0 
Step: 200000 Movetype: OrientationRotationMCMovetype Staples: 1 Accepted: 1 Temp: 335 Energy: -33.887 Bias: 0 
Step: 300000 Movetype: MetStapleExchangeMCMovetype Staples: 2 Accepted: 0 Temp: 330 Energy: -56.077 Bias: 0 
Step: 400000 Movetype: MetStapleExchangeMCMovetype Staples: 2 Accepted: 0 Temp: 330 Energy: -70.7969 Bias: 0 
Step: 500000 Movetype: MetStapleExchangeMCMovetype Staples: 2 Accepted: 0 Temp: 335 Energy: -60.0657 Bias: 0 
Step: 600000 Movetype: MetStapleExchangeMCMovetype Staples: 2 Accepted: 0 Temp: 340 Energy: -49.65 Bias: 0 
Step: 700000 Movetype: MetStapleExchangeMCMovetype Staples: 2 Accepted: 0 Temp: 340 Energy: -49.65 Bias: 0 
Step: 800000 Movetype: MetStapleExchangeMCMovetype Staples: 2 Accepted: 0 Temp: 335 Energy: -60.0657 Bias: 0 
Step: 900000 Movetype: MetStapleExchangeMCMovetype Staples: 2 Accepted: 0 Temp: 330 Energy: -70.7969 Bias: 0 
Step: 1000000 Movetype: MetStapleExchangeMCMovetype Staples: 2 Accepted: 0 Temp: 330 Energy: -70.7969 Bias: 0 
